src/components/LandingPage.tsx(658,36): error TS7006: Parameter 'project' implicitly has an 'any' type.
src/components/LandingPage.tsx(658,45): error TS7006: Parameter 'i' implicitly has an 'any' type.
